18:18:24 **** Incremental Build of configuration Debug for project C102.AMDS_Console_UAB_Switch_added ****
make -j12 all 
arm-none-eabi-gcc "../User/process.c" -mcpu=cortex-m4 -std=gnu11 -g3 -DDEBUG -DUSE_HAL_DRIVER -DSTM32F429xx -c -I../Core/Inc -I"D:/Sunshine/Tut8_AMDS/workspace/C102.AMDS_Console_UAB_Switch_added/User" -I"D:/Sunshine/Tut8_AMDS/workspace/C102.AMDS_Console_UAB_Switch_added/Utils" -I../Drivers/STM32F4xx_HAL_Driver/Inc -I../Drivers/STM32F4xx_HAL_Driver/Inc/Legacy -I../Drivers/CMSIS/Device/ST/STM32F4xx/Include -I../Drivers/CMSIS/Include -I../LWIP/App -I../LWIP/Target -I../Middlewares/Third_Party/LwIP/src/include -I../Middlewares/Third_Party/LwIP/system -I../Drivers/BSP/Components/lan8742 -I../Middlewares/Third_Party/LwIP/src/include/netif/ppp -I../Middlewares/Third_Party/LwIP/src/include/lwip -I../Middlewares/Third_Party/LwIP/src/include/lwip/apps -I../Middlewares/Third_Party/LwIP/src/include/lwip/priv -I../Middlewares/Third_Party/LwIP/src/include/lwip/prot -I../Middlewares/Third_Party/LwIP/src/include/netif -I../Middlewares/Third_Party/LwIP/src/include/compat/posix -I../Middlewares/Third_Party/LwIP/src/include/compat/posix/arpa -I../Middlewares/Third_Party/LwIP/src/include/compat/posix/net -I../Middlewares/Third_Party/LwIP/src/include/compat/posix/sys -I../Middlewares/Third_Party/LwIP/src/include/compat/stdc -I../Middlewares/Third_Party/LwIP/system/arch -I"D:/Sunshine/Tut8_AMDS/workspace/C102.AMDS_Console_UAB_Switch_added/Lib" -O0 -ffunction-sections -fdata-sections -Wall -fstack-usage -fcyclomatic-complexity -MMD -MP -MF"User/process.d" -MT"User/process.o" --specs=nano.specs -mfpu=fpv4-sp-d16 -mfloat-abi=hard -mthumb -o "User/process.o"
arm-none-eabi-gcc "../User/send.c" -mcpu=cortex-m4 -std=gnu11 -g3 -DDEBUG -DUSE_HAL_DRIVER -DSTM32F429xx -c -I../Core/Inc -I"D:/Sunshine/Tut8_AMDS/workspace/C102.AMDS_Console_UAB_Switch_added/User" -I"D:/Sunshine/Tut8_AMDS/workspace/C102.AMDS_Console_UAB_Switch_added/Utils" -I../Drivers/STM32F4xx_HAL_Driver/Inc -I../Drivers/STM32F4xx_HAL_Driver/Inc/Legacy -I../Drivers/CMSIS/Device/ST/STM32F4xx/Include -I../Drivers/CMSIS/Include -I../LWIP/App -I../LWIP/Target -I../Middlewares/Third_Party/LwIP/src/include -I../Middlewares/Third_Party/LwIP/system -I../Drivers/BSP/Components/lan8742 -I../Middlewares/Third_Party/LwIP/src/include/netif/ppp -I../Middlewares/Third_Party/LwIP/src/include/lwip -I../Middlewares/Third_Party/LwIP/src/include/lwip/apps -I../Middlewares/Third_Party/LwIP/src/include/lwip/priv -I../Middlewares/Third_Party/LwIP/src/include/lwip/prot -I../Middlewares/Third_Party/LwIP/src/include/netif -I../Middlewares/Third_Party/LwIP/src/include/compat/posix -I../Middlewares/Third_Party/LwIP/src/include/compat/posix/arpa -I../Middlewares/Third_Party/LwIP/src/include/compat/posix/net -I../Middlewares/Third_Party/LwIP/src/include/compat/posix/sys -I../Middlewares/Third_Party/LwIP/src/include/compat/stdc -I../Middlewares/Third_Party/LwIP/system/arch -I"D:/Sunshine/Tut8_AMDS/workspace/C102.AMDS_Console_UAB_Switch_added/Lib" -O0 -ffunction-sections -fdata-sections -Wall -fstack-usage -fcyclomatic-complexity -MMD -MP -MF"User/send.d" -MT"User/send.o" --specs=nano.specs -mfpu=fpv4-sp-d16 -mfloat-abi=hard -mthumb -o "User/send.o"
arm-none-eabi-gcc "../Core/Src/main.c" -mcpu=cortex-m4 -std=gnu11 -g3 -DDEBUG -DUSE_HAL_DRIVER -DSTM32F429xx -c -I../Core/Inc -I"D:/Sunshine/Tut8_AMDS/workspace/C102.AMDS_Console_UAB_Switch_added/User" -I"D:/Sunshine/Tut8_AMDS/workspace/C102.AMDS_Console_UAB_Switch_added/Utils" -I../Drivers/STM32F4xx_HAL_Driver/Inc -I../Drivers/STM32F4xx_HAL_Driver/Inc/Legacy -I../Drivers/CMSIS/Device/ST/STM32F4xx/Include -I../Drivers/CMSIS/Include -I../LWIP/App -I../LWIP/Target -I../Middlewares/Third_Party/LwIP/src/include -I../Middlewares/Third_Party/LwIP/system -I../Drivers/BSP/Components/lan8742 -I../Middlewares/Third_Party/LwIP/src/include/netif/ppp -I../Middlewares/Third_Party/LwIP/src/include/lwip -I../Middlewares/Third_Party/LwIP/src/include/lwip/apps -I../Middlewares/Third_Party/LwIP/src/include/lwip/priv -I../Middlewares/Third_Party/LwIP/src/include/lwip/prot -I../Middlewares/Third_Party/LwIP/src/include/netif -I../Middlewares/Third_Party/LwIP/src/include/compat/posix -I../Middlewares/Third_Party/LwIP/src/include/compat/posix/arpa -I../Middlewares/Third_Party/LwIP/src/include/compat/posix/net -I../Middlewares/Third_Party/LwIP/src/include/compat/posix/sys -I../Middlewares/Third_Party/LwIP/src/include/compat/stdc -I../Middlewares/Third_Party/LwIP/system/arch -I"D:/Sunshine/Tut8_AMDS/workspace/C102.AMDS_Console_UAB_Switch_added/Lib" -O0 -ffunction-sections -fdata-sections -Wall -fstack-usage -fcyclomatic-complexity -MMD -MP -MF"Core/Src/main.d" -MT"Core/Src/main.o" --specs=nano.specs -mfpu=fpv4-sp-d16 -mfloat-abi=hard -mthumb -o "Core/Src/main.o"
arm-none-eabi-gcc -o "C102.AMDS_Console_UAB_Switch_added.elf" @"objects.list"   -mcpu=cortex-m4 -T"D:\Sunshine\Tut8_AMDS\workspace\C102.AMDS_Console_UAB_Switch_added\STM32F429ZITX_FLASH.ld" --specs=nosys.specs -Wl,-Map="C102.AMDS_Console_UAB_Switch_added.map" -Wl,--gc-sections -static -u _printf_float --specs=nano.specs -mfpu=fpv4-sp-d16 -mfloat-abi=hard -mthumb -u _printf_float -Wl,--start-group -lc -lm -Wl,--end-group
Finished building target: C102.AMDS_Console_UAB_Switch_added.elf
 
arm-none-eabi-size  C102.AMDS_Console_UAB_Switch_added.elf 
arm-none-eabi-objdump -h -S C102.AMDS_Console_UAB_Switch_added.elf  > "C102.AMDS_Console_UAB_Switch_added.list"
   text	   data	    bss	    dec	    hex	filename
 113940	    500	  37004	 151444	  24f94	C102.AMDS_Console_UAB_Switch_added.elf
arm-none-eabi-objcopy  -O binary C102.AMDS_Console_UAB_Switch_added.elf  "C102.AMDS_Console_UAB_Switch_added.bin"
Finished building: default.size.stdout
 
Finished building: C102.AMDS_Console_UAB_Switch_added.bin
 
Finished building: C102.AMDS_Console_UAB_Switch_added.list
 
