../User/udp_protocol.c:22:6:UDP_RequestPacket_Init	4	static
../User/udp_protocol.c:36:6:UDP_ReplyPacket_Init	4	static
../User/udp_protocol.c:51:6:UDP_StatusPacket_Init	4	static
../User/udp_protocol.c:76:6:UDP_Protocol_Init	4	static
../User/udp_protocol.c:86:16:UDP_GetFanStatus1	16	static
../User/udp_protocol.c:130:16:UDP_GetDPStatus	16	static
../User/udp_protocol.c:141:6:UDP_Make_StatusPacket	8	static
../User/udp_protocol.c:166:6:UDP_Make_ReplyPacket	16	static
../User/udp_protocol.c:181:6:printBinary8Bit	24	static
../User/udp_protocol.c:190:6:print_status_packet	16	static
