19:11:44 **** Incremental Build of configuration Debug for project C100.AMDS_Console_first_creation_on_Nucleo_Board ****
make -j12 all 
arm-none-eabi-gcc "../User/process.c" -mcpu=cortex-m4 -std=gnu11 -g3 -DDEBUG -DUSE_HAL_DRIVER -DSTM32F429xx -c -I../Core/Inc -I"E:/01.Sunshine/Tut8_AMDS/workspace/Console/C100.AMDS_Console_first_creation_on_Nucleo_Board/User" -I"E:/01.Sunshine/Tut8_AMDS/workspace/Console/C100.AMDS_Console_first_creation_on_Nucleo_Board/Utils" -I../Drivers/STM32F4xx_HAL_Driver/Inc -I../Drivers/STM32F4xx_HAL_Driver/Inc/Legacy -I../Drivers/CMSIS/Device/ST/STM32F4xx/Include -I../Drivers/CMSIS/Include -I../LWIP/App -I../LWIP/Target -I../Middlewares/Third_Party/LwIP/src/include -I../Middlewares/Third_Party/LwIP/system -I../Drivers/BSP/Components/lan8742 -I../Middlewares/Third_Party/LwIP/src/include/netif/ppp -I../Middlewares/Third_Party/LwIP/src/include/lwip -I../Middlewares/Third_Party/LwIP/src/include/lwip/apps -I../Middlewares/Third_Party/LwIP/src/include/lwip/priv -I../Middlewares/Third_Party/LwIP/src/include/lwip/prot -I../Middlewares/Third_Party/LwIP/src/include/netif -I../Middlewares/Third_Party/LwIP/src/include/compat/posix -I../Middlewares/Third_Party/LwIP/src/include/compat/posix/arpa -I../Middlewares/Third_Party/LwIP/src/include/compat/posix/net -I../Middlewares/Third_Party/LwIP/src/include/compat/posix/sys -I../Middlewares/Third_Party/LwIP/src/include/compat/stdc -I../Middlewares/Third_Party/LwIP/system/arch -I"E:/01.Sunshine/Tut8_AMDS/workspace/Console/C100.AMDS_Console_first_creation_on_Nucleo_Board/Lib" -O0 -ffunction-sections -fdata-sections -Wall -fstack-usage -fcyclomatic-complexity -MMD -MP -MF"User/process.d" -MT"User/process.o" --specs=nano.specs -mfpu=fpv4-sp-d16 -mfloat-abi=hard -mthumb -o "User/process.o"
arm-none-eabi-gcc "../User/send.c" -mcpu=cortex-m4 -std=gnu11 -g3 -DDEBUG -DUSE_HAL_DRIVER -DSTM32F429xx -c -I../Core/Inc -I"E:/01.Sunshine/Tut8_AMDS/workspace/Console/C100.AMDS_Console_first_creation_on_Nucleo_Board/User" -I"E:/01.Sunshine/Tut8_AMDS/workspace/Console/C100.AMDS_Console_first_creation_on_Nucleo_Board/Utils" -I../Drivers/STM32F4xx_HAL_Driver/Inc -I../Drivers/STM32F4xx_HAL_Driver/Inc/Legacy -I../Drivers/CMSIS/Device/ST/STM32F4xx/Include -I../Drivers/CMSIS/Include -I../LWIP/App -I../LWIP/Target -I../Middlewares/Third_Party/LwIP/src/include -I../Middlewares/Third_Party/LwIP/system -I../Drivers/BSP/Components/lan8742 -I../Middlewares/Third_Party/LwIP/src/include/netif/ppp -I../Middlewares/Third_Party/LwIP/src/include/lwip -I../Middlewares/Third_Party/LwIP/src/include/lwip/apps -I../Middlewares/Third_Party/LwIP/src/include/lwip/priv -I../Middlewares/Third_Party/LwIP/src/include/lwip/prot -I../Middlewares/Third_Party/LwIP/src/include/netif -I../Middlewares/Third_Party/LwIP/src/include/compat/posix -I../Middlewares/Third_Party/LwIP/src/include/compat/posix/arpa -I../Middlewares/Third_Party/LwIP/src/include/compat/posix/net -I../Middlewares/Third_Party/LwIP/src/include/compat/posix/sys -I../Middlewares/Third_Party/LwIP/src/include/compat/stdc -I../Middlewares/Third_Party/LwIP/system/arch -I"E:/01.Sunshine/Tut8_AMDS/workspace/Console/C100.AMDS_Console_first_creation_on_Nucleo_Board/Lib" -O0 -ffunction-sections -fdata-sections -Wall -fstack-usage -fcyclomatic-complexity -MMD -MP -MF"User/send.d" -MT"User/send.o" --specs=nano.specs -mfpu=fpv4-sp-d16 -mfloat-abi=hard -mthumb -o "User/send.o"
arm-none-eabi-gcc "../Core/Src/main.c" -mcpu=cortex-m4 -std=gnu11 -g3 -DDEBUG -DUSE_HAL_DRIVER -DSTM32F429xx -c -I../Core/Inc -I"E:/01.Sunshine/Tut8_AMDS/workspace/Console/C100.AMDS_Console_first_creation_on_Nucleo_Board/User" -I"E:/01.Sunshine/Tut8_AMDS/workspace/Console/C100.AMDS_Console_first_creation_on_Nucleo_Board/Utils" -I../Drivers/STM32F4xx_HAL_Driver/Inc -I../Drivers/STM32F4xx_HAL_Driver/Inc/Legacy -I../Drivers/CMSIS/Device/ST/STM32F4xx/Include -I../Drivers/CMSIS/Include -I../LWIP/App -I../LWIP/Target -I../Middlewares/Third_Party/LwIP/src/include -I../Middlewares/Third_Party/LwIP/system -I../Drivers/BSP/Components/lan8742 -I../Middlewares/Third_Party/LwIP/src/include/netif/ppp -I../Middlewares/Third_Party/LwIP/src/include/lwip -I../Middlewares/Third_Party/LwIP/src/include/lwip/apps -I../Middlewares/Third_Party/LwIP/src/include/lwip/priv -I../Middlewares/Third_Party/LwIP/src/include/lwip/prot -I../Middlewares/Third_Party/LwIP/src/include/netif -I../Middlewares/Third_Party/LwIP/src/include/compat/posix -I../Middlewares/Third_Party/LwIP/src/include/compat/posix/arpa -I../Middlewares/Third_Party/LwIP/src/include/compat/posix/net -I../Middlewares/Third_Party/LwIP/src/include/compat/posix/sys -I../Middlewares/Third_Party/LwIP/src/include/compat/stdc -I../Middlewares/Third_Party/LwIP/system/arch -I"E:/01.Sunshine/Tut8_AMDS/workspace/Console/C100.AMDS_Console_first_creation_on_Nucleo_Board/Lib" -O0 -ffunction-sections -fdata-sections -Wall -fstack-usage -fcyclomatic-complexity -MMD -MP -MF"Core/Src/main.d" -MT"Core/Src/main.o" --specs=nano.specs -mfpu=fpv4-sp-d16 -mfloat-abi=hard -mthumb -o "Core/Src/main.o"
arm-none-eabi-gcc -o "C100.AMDS_Console_first_creation_on_Nucleo_Board.elf" @"objects.list"   -mcpu=cortex-m4 -T"E:\01.Sunshine\Tut8_AMDS\workspace\Console\C100.AMDS_Console_first_creation_on_Nucleo_Board\STM32F429ZITX_FLASH.ld" --specs=nosys.specs -Wl,-Map="C100.AMDS_Console_first_creation_on_Nucleo_Board.map" -Wl,--gc-sections -static -u _printf_float --specs=nano.specs -mfpu=fpv4-sp-d16 -mfloat-abi=hard -mthumb -u _printf_float -Wl,--start-group -lc -lm -Wl,--end-group
Finished building target: C100.AMDS_Console_first_creation_on_Nucleo_Board.elf
 
arm-none-eabi-size  C100.AMDS_Console_first_creation_on_Nucleo_Board.elf 
arm-none-eabi-objdump -h -S C100.AMDS_Console_first_creation_on_Nucleo_Board.elf  > "C100.AMDS_Console_first_creation_on_Nucleo_Board.list"
   text	   data	    bss	    dec	    hex	filename
 123132	    504	  37152	 160788	  27414	C100.AMDS_Console_first_creation_on_Nucleo_Board.elf
arm-none-eabi-objcopy  -O binary C100.AMDS_Console_first_creation_on_Nucleo_Board.elf  "C100.AMDS_Console_first_creation_on_Nucleo_Board.bin"
Finished building: default.size.stdout
 
Finished building: C100.AMDS_Console_first_creation_on_Nucleo_Board.bin
 
Finished building: C100.AMDS_Console_first_creation_on_Nucleo_Board.list
 

19:11:49 Build Finished. 0 errors, 0 warnings. (took 5s.417ms)

