19:14:40 **** Incremental Build of configuration Debug for project C105A.AMDS_Console_6-Fan_9GV1224P1H ****
make -j12 all 
arm-none-eabi-size  C105A.AMDS_Console_6-Fan_9GV1224P1H.elf 
   text	   data	    bss	    dec	    hex	filename
 123372	    504	  37152	 161028	  27504	C105A.AMDS_Console_6-Fan_9GV1224P1H.elf
Finished building: default.size.stdout
 
19:16:52 **** Incremental Build of configuration Debug for project C105A.AMDS_Console_6-Fan_9GV1224P1H ****
make -j12 all 
arm-none-eabi-size  C105A.AMDS_Console_6-Fan_9GV1224P1H.elf 
   text	   data	    bss	    dec	    hex	filename
 123372	    504	  37152	 161028	  27504	C105A.AMDS_Console_6-Fan_9GV1224P1H.elf
Finished building: default.size.stdout
 
